../Lib/Framebuf/framebuf.c:17:6:setpixel	24	static
../Lib/Framebuf/framebuf.c:21:6:setpixel_checked	24	static
../Lib/Framebuf/framebuf.c:27:10:getpixel	24	static
../Lib/Framebuf/framebuf.c:31:6:fill_rect	40	static
../Lib/Framebuf/framebuf.c:55:6:framebuf_init	24	static
../Lib/Framebuf/framebuf.c:62:6:framebuf_fill	24	static
../Lib/Framebuf/framebuf.c:66:6:framebuf_fill_rect	32	static
../Lib/Framebuf/framebuf.c:70:6:framebuf_pixel	24	static
../Lib/Framebuf/framebuf.c:76:6:framebuf_hline	32	static
../Lib/Framebuf/framebuf.c:80:6:framebuf_vline	32	static
../Lib/Framebuf/framebuf.c:84:6:framebuf_rect	32	static
../Lib/Framebuf/framebuf.c:91:6:line	56	static
../Lib/Framebuf/framebuf.c:151:6:framebuf_line	32	static
../Lib/Framebuf/framebuf.c:233:6:framebuf_circle	40	static
../Lib/Framebuf/framebuf.c:261:6:framebuf_circle_quadrant	40	static
../Lib/Framebuf/framebuf.c:294:6:framebuf_fill_circle	48	static
../Lib/Framebuf/framebuf.c:322:6:framebuf_fill_circle_quadrant	48	static
../Lib/Framebuf/framebuf.c:367:6:framebuf_text	48	static
