../Lib/Framebuf/framebuf.c:17:6:setpixel	24	static
../Lib/Framebuf/framebuf.c:21:6:setpixel_checked	24	static
../Lib/Framebuf/framebuf.c:27:10:getpixel	24	static
../Lib/Framebuf/framebuf.c:31:6:fill_rect	40	static
../Lib/Framebuf/framebuf.c:54:6:framebuf_init	24	static
../Lib/Framebuf/framebuf.c:61:6:framebuf_fill	24	static
../Lib/Framebuf/framebuf.c:65:6:framebuf_fill_rect	32	static
../Lib/Framebuf/framebuf.c:69:6:framebuf_pixel	24	static
../Lib/Framebuf/framebuf.c:75:6:framebuf_hline	32	static
../Lib/Framebuf/framebuf.c:79:6:framebuf_vline	32	static
../Lib/Framebuf/framebuf.c:83:6:framebuf_rect	32	static
../Lib/Framebuf/framebuf.c:90:6:line	56	static
../Lib/Framebuf/framebuf.c:150:6:framebuf_line	32	static
../Lib/Framebuf/framebuf.c:232:6:framebuf_circle	40	static
../Lib/Framebuf/framebuf.c:260:6:framebuf_circle_quadrant	40	static
../Lib/Framebuf/framebuf.c:293:6:framebuf_fill_circle	48	static
../Lib/Framebuf/framebuf.c:321:6:framebuf_fill_circle_quadrant	48	static
../Lib/Framebuf/framebuf.c:366:6:framebuf_text	48	static
