../Drivers/CMSIS/Include/core_cm4.h:2059:26:ITM_SendChar	16	static,ignoring_inline_asm
../Drivers/STM32G4xx_HAL_Driver/Inc/stm32g4xx_ll_adc.h:7850:22:LL_ADC_EnableIT_AWD1	16	static
../Drivers/STM32G4xx_HAL_Driver/Inc/stm32g4xx_ll_adc.h:7861:22:LL_ADC_EnableIT_AWD2	16	static
../Drivers/STM32G4xx_HAL_Driver/Inc/stm32g4xx_ll_adc.h:7971:22:LL_ADC_DisableIT_AWD1	16	static
../Drivers/STM32G4xx_HAL_Driver/Inc/stm32g4xx_ll_adc.h:7982:22:LL_ADC_DisableIT_AWD2	16	static
../Core/Src/main.c:74:5:_write	32	static
../Core/Src/main.c:91:10:micros	8	static
../Core/Src/main.c:112:6:_HAL_TIM_OC_DelayElapsedCallback	16	static
../Core/Src/main.c:130:6:_HAL_ADCEx_LevelOutOfWindow2Callback	16	static
../Core/Src/main.c:146:6:_HAL_ADC_LevelOutOfWindowCallback	16	static
../Core/Src/main.c:160:6:_HAL_ADC_ConvCpltCallback	16	static
../Core/Src/main.c:186:6:_HAL_ADC_ConvHalfCpltCallback	16	static
../Core/Src/main.c:194:9:_scope_start	40	static
../Core/Src/main.c:228:9:_scope_is_done	4	static
../Core/Src/main.c:233:9:_scope_stop	8	static
../Core/Src/main.c:242:10:scope_get_trigger_location	4	static
../Core/Src/main.c:247:7:get_mean	24	static
../Core/Src/main.c:261:7:get_std	32	static
../Core/Src/main.c:282:9:scope_test	2080	static
../Core/Src/main.c:352:7:text_width_f	24	static
../Core/Src/main.c:365:6:lcd_config	16	static
../Core/Src/main.c:387:10:nk_colot_to_rgb666	24	static
../Core/Src/main.c:402:6:lcd_rect	48	static
../Core/Src/main.c:488:6:lcd_set_pixel	32	static
../Core/Src/main.c:517:6:lcd_text	56	static
../Core/Src/main.c:544:6:lcd_bmp	40	static
../Core/Src/main.c:630:6:nk_scope	48	static
../Core/Src/main.c:747:6:oscilloscope_process	360	static
../Core/Src/main.c:856:6:test_framebuf	61472	static
../Core/Src/main.c:876:5:main	184	static
../Core/Src/main.c:1287:6:SystemClock_Config	88	static
../Core/Src/main.c:1336:6:Error_Handler	4	static,ignoring_inline_asm
