../Drivers/CMSIS/Include/core_cm4.h:2059:26:ITM_SendChar	4
../Core/Src/main.c:77:5:_write	2
../Core/Src/main.c:87:9:get_systick	1
../Core/Src/main.c:92:9:diff_systick	2
../Core/Src/main.c:119:7:text_width_f	1
../Core/Src/main.c:133:6:lcd_config	1
../Core/Src/main.c:155:10:nk_colot_to_rgb666	1
../Core/Src/main.c:170:6:lcd_rect	12
../Core/Src/main.c:256:6:lcd_set_pixel	1
../Core/Src/main.c:283:9:lcd_set_pixel_bench	1
../Core/Src/main.c:346:6:lcd_text	4
../Core/Src/main.c:358:6:draw_char	8
../Core/Src/main.c:403:12:get_char_rect	1
../Core/Src/main.c:412:12:get_text_rect	2
../Core/Src/main.c:426:6:__lcd_text	10
../Core/Src/main.c:453:6:lcd_bmp	12
../Core/Src/main.c:609:6:oscilloscope_process	36
../Core/Src/main.c:930:6:nk_draw_fb	21
../Core/Src/main.c:1048:5:main	7
../Core/Src/main.c:1267:6:SystemClock_Config	3
../Core/Src/main.c:1316:6:Error_Handler	1
