../Drivers/CMSIS/Include/core_cm4.h:2059:26:ITM_SendChar	16	static,ignoring_inline_asm
../Core/Src/main.c:77:5:_write	32	static
../Core/Src/main.c:87:9:get_systick	4	static
../Core/Src/main.c:92:9:diff_systick	24	static
../Core/Src/main.c:119:7:text_width_f	32	static
../Core/Src/main.c:133:6:lcd_config	16	static
../Core/Src/main.c:155:10:nk_colot_to_rgb666	24	static
../Core/Src/main.c:170:6:lcd_rect	48	static
../Core/Src/main.c:256:6:lcd_set_pixel	32	static
../Core/Src/main.c:283:9:lcd_set_pixel_bench	40	static
../Core/Src/main.c:346:6:lcd_text	48	static
../Core/Src/main.c:358:6:draw_char	56	static
../Core/Src/main.c:403:12:get_char_rect	32	static
../Core/Src/main.c:412:12:get_text_rect	48	static
../Core/Src/main.c:426:6:__lcd_text	56	static
../Core/Src/main.c:453:6:lcd_bmp	40	static
../Core/Src/main.c:608:6:oscilloscope_process	520	static
../Core/Src/main.c:925:6:nk_draw_fb	104	static
../Core/Src/main.c:1043:5:main	112	static
../Core/Src/main.c:1262:6:SystemClock_Config	88	static
../Core/Src/main.c:1311:6:Error_Handler	4	static,ignoring_inline_asm
