../Core/Src/main.c:77:5:_write	10
../Core/Src/main.c:87:9:get_systick	1
../Core/Src/main.c:92:9:diff_systick	2
../Core/Src/main.c:155:10:nk_colot_to_rgb666	1
../Core/Src/main.c:170:6:lcd_rect	5
../Core/Src/main.c:133:6:lcd_config	1
../Core/Src/main.c:256:6:lcd_set_pixel	1
../Core/Src/main.c:283:9:lcd_set_pixel_bench	1
../Core/Src/main.c:358:6:draw_char	10
../Core/Src/main.c:403:12:get_char_rect	1
../Core/Src/main.c:346:6:lcd_text	3
../Core/Src/main.c:412:12:get_text_rect	3
../Core/Src/main.c:119:7:text_width_f	1
../Core/Src/main.c:426:6:__lcd_text	9
../Core/Src/main.c:453:6:lcd_bmp	5
../Core/Src/main.c:609:6:oscilloscope_process	33
../Core/Src/main.c:937:6:nk_draw_fb	15
../Core/Src/main.c:1273:6:SystemClock_Config	3
../Core/Src/main.c:1054:5:main	5
../Core/Src/main.c:1322:6:Error_Handler	1
