../Core/Src/scope.c:12:6:scope_init	0	static
../Core/Src/scope.c:60:6:scope_reset	0	static
../Core/Src/scope.c:66:6:scope_start	16	static
../Core/Src/scope.c:112:6:scope_stop	8	static
../Core/Src/scope.c:124:9:scope_is_busy	0	static
../Core/Src/scope.c:137:9:scope_get_trigger	0	static
../Core/Src/scope.c:145:6:HAL_ADC_ConvHalfCpltCallback	0	static
../Core/Src/scope.c:152:6:HAL_ADC_ConvCpltCallback	0	static
../Core/Src/scope.c:190:6:HAL_ADC_LevelOutOfWindowCallback	0	static
../Core/Src/scope.c:208:6:HAL_ADCEx_LevelOutOfWindow2Callback	8	static
../Core/Src/scope.c:235:6:HAL_TIM_OC_DelayElapsedCallback	8	static
../Core/Src/scope.c:279:6:test_scope	72	static
