../Drivers/STM32G4xx_HAL_Driver/Inc/stm32g4xx_ll_adc.h:7850:22:LL_ADC_EnableIT_AWD1	16	static
../Drivers/STM32G4xx_HAL_Driver/Inc/stm32g4xx_ll_adc.h:7861:22:LL_ADC_EnableIT_AWD2	16	static
../Drivers/STM32G4xx_HAL_Driver/Inc/stm32g4xx_ll_adc.h:7971:22:LL_ADC_DisableIT_AWD1	16	static
../Drivers/STM32G4xx_HAL_Driver/Inc/stm32g4xx_ll_adc.h:7982:22:LL_ADC_DisableIT_AWD2	16	static
../Core/Src/scope.c:12:6:scope_init	24	static
../Core/Src/scope.c:60:6:scope_reset	16	static
../Core/Src/scope.c:66:6:scope_start	32	static
../Core/Src/scope.c:112:6:scope_stop	16	static
../Core/Src/scope.c:124:9:scope_is_busy	16	static
../Core/Src/scope.c:129:9:scope_get_trigger	16	static
../Core/Src/scope.c:137:6:HAL_ADC_ConvHalfCpltCallback	16	static
../Core/Src/scope.c:144:6:HAL_ADC_ConvCpltCallback	16	static
../Core/Src/scope.c:182:6:HAL_ADC_LevelOutOfWindowCallback	16	static
../Core/Src/scope.c:200:6:HAL_ADCEx_LevelOutOfWindow2Callback	16	static
../Core/Src/scope.c:227:6:HAL_TIM_OC_DelayElapsedCallback	16	static
../Core/Src/scope.c:270:6:test_scope	88	static
