../Drivers/STM32G4xx_HAL_Driver/Src/stm32g4xx_hal_opamp.c:294:19:HAL_OPAMP_Init	24	static
../Drivers/STM32G4xx_HAL_Driver/Src/stm32g4xx_hal_opamp.c:460:19:HAL_OPAMP_DeInit	24	static
../Drivers/STM32G4xx_HAL_Driver/Src/stm32g4xx_hal_opamp.c:524:13:HAL_OPAMP_MspInit	16	static
../Drivers/STM32G4xx_HAL_Driver/Src/stm32g4xx_hal_opamp.c:541:13:HAL_OPAMP_MspDeInit	16	static
../Drivers/STM32G4xx_HAL_Driver/Src/stm32g4xx_hal_opamp.c:578:19:HAL_OPAMP_Start	24	static
../Drivers/STM32G4xx_HAL_Driver/Src/stm32g4xx_hal_opamp.c:621:19:HAL_OPAMP_Stop	24	static
../Drivers/STM32G4xx_HAL_Driver/Src/stm32g4xx_hal_opamp.c:672:19:HAL_OPAMP_SelfCalibrate	32	static
../Drivers/STM32G4xx_HAL_Driver/Src/stm32g4xx_hal_opamp.c:874:19:HAL_OPAMP_Lock	24	static
../Drivers/STM32G4xx_HAL_Driver/Src/stm32g4xx_hal_opamp.c:913:19:HAL_OPAMP_LockTimerMux	24	static
../Drivers/STM32G4xx_HAL_Driver/Src/stm32g4xx_hal_opamp.c:968:24:HAL_OPAMP_GetState	16	static
../Drivers/STM32G4xx_HAL_Driver/Src/stm32g4xx_hal_opamp.c:990:28:HAL_OPAMP_GetTrimOffset	32	static
