../Drivers/STM32G4xx_HAL_Driver/Src/stm32g4xx_hal_spi.c:3913:26:SPI_WaitFlagStateUntilTimeout	40	static
../Drivers/STM32G4xx_HAL_Driver/Src/stm32g4xx_hal_spi.c:3982:26:SPI_WaitFifoStateUntilTimeout	40	static
../Drivers/STM32G4xx_HAL_Driver/Src/stm32g4xx_hal_spi.c:4098:26:SPI_EndRxTxTransaction	24	static
../Drivers/STM32G4xx_HAL_Driver/Src/stm32g4xx_hal_spi.c:4062:26:SPI_EndRxTransaction	24	static
../Drivers/STM32G4xx_HAL_Driver/Src/stm32g4xx_hal_spi.c:4313:13:SPI_AbortRx_ISR	24	static
../Drivers/STM32G4xx_HAL_Driver/Src/stm32g4xx_hal_spi.c:4357:13:SPI_AbortTx_ISR	24	static
../Drivers/STM32G4xx_HAL_Driver/Src/stm32g4xx_hal_spi.c:533:13:HAL_SPI_MspInit	0	static
../Drivers/STM32G4xx_HAL_Driver/Src/stm32g4xx_hal_spi.c:314:19:HAL_SPI_Init	8	static
../Drivers/STM32G4xx_HAL_Driver/Src/stm32g4xx_hal_spi.c:549:13:HAL_SPI_MspDeInit	0	static
../Drivers/STM32G4xx_HAL_Driver/Src/stm32g4xx_hal_spi.c:489:19:HAL_SPI_DeInit	8	static
../Drivers/STM32G4xx_HAL_Driver/Src/stm32g4xx_hal_spi.c:821:19:HAL_SPI_Transmit	32	static
../Drivers/STM32G4xx_HAL_Driver/Src/stm32g4xx_hal_spi.c:1246:19:HAL_SPI_TransmitReceive	32	static
../Drivers/STM32G4xx_HAL_Driver/Src/stm32g4xx_hal_spi.c:1006:19:HAL_SPI_Receive	32	static
../Drivers/STM32G4xx_HAL_Driver/Src/stm32g4xx_hal_spi.c:1555:19:HAL_SPI_Transmit_IT	0	static
../Drivers/STM32G4xx_HAL_Driver/Src/stm32g4xx_hal_spi.c:1747:19:HAL_SPI_TransmitReceive_IT	4	static
../Drivers/STM32G4xx_HAL_Driver/Src/stm32g4xx_hal_spi.c:1640:19:HAL_SPI_Receive_IT	8	static
../Drivers/STM32G4xx_HAL_Driver/Src/stm32g4xx_hal_spi.c:1856:19:HAL_SPI_Transmit_DMA	16	static
../Drivers/STM32G4xx_HAL_Driver/Src/stm32g4xx_hal_spi.c:2126:19:HAL_SPI_TransmitReceive_DMA	16	static
../Drivers/STM32G4xx_HAL_Driver/Src/stm32g4xx_hal_spi.c:1981:19:HAL_SPI_Receive_DMA	16	static
../Drivers/STM32G4xx_HAL_Driver/Src/stm32g4xx_hal_spi.c:2318:19:HAL_SPI_Abort	32	static
../Drivers/STM32G4xx_HAL_Driver/Src/stm32g4xx_hal_spi.c:2639:19:HAL_SPI_DMAPause	0	static
../Drivers/STM32G4xx_HAL_Driver/Src/stm32g4xx_hal_spi.c:2659:19:HAL_SPI_DMAResume	0	static
../Drivers/STM32G4xx_HAL_Driver/Src/stm32g4xx_hal_spi.c:2679:19:HAL_SPI_DMAStop	16	static
../Drivers/STM32G4xx_HAL_Driver/Src/stm32g4xx_hal_spi.c:2826:13:HAL_SPI_TxCpltCallback	0	static
../Drivers/STM32G4xx_HAL_Driver/Src/stm32g4xx_hal_spi.c:2842:13:HAL_SPI_RxCpltCallback	0	static
../Drivers/STM32G4xx_HAL_Driver/Src/stm32g4xx_hal_spi.c:2858:13:HAL_SPI_TxRxCpltCallback	0	static
../Drivers/STM32G4xx_HAL_Driver/Src/stm32g4xx_hal_spi.c:2874:13:HAL_SPI_TxHalfCpltCallback	0	static
../Drivers/STM32G4xx_HAL_Driver/Src/stm32g4xx_hal_spi.c:3286:13:SPI_DMAHalfTransmitCplt	8	static
../Drivers/STM32G4xx_HAL_Driver/Src/stm32g4xx_hal_spi.c:2890:13:HAL_SPI_RxHalfCpltCallback	0	static
../Drivers/STM32G4xx_HAL_Driver/Src/stm32g4xx_hal_spi.c:3304:13:SPI_DMAHalfReceiveCplt	8	static
../Drivers/STM32G4xx_HAL_Driver/Src/stm32g4xx_hal_spi.c:2906:13:HAL_SPI_TxRxHalfCpltCallback	0	static
../Drivers/STM32G4xx_HAL_Driver/Src/stm32g4xx_hal_spi.c:3322:13:SPI_DMAHalfTransmitReceiveCplt	8	static
../Drivers/STM32G4xx_HAL_Driver/Src/stm32g4xx_hal_spi.c:2922:13:HAL_SPI_ErrorCallback	0	static
../Drivers/STM32G4xx_HAL_Driver/Src/stm32g4xx_hal_spi.c:4264:13:SPI_CloseTx_ISR	16	static
../Drivers/STM32G4xx_HAL_Driver/Src/stm32g4xx_hal_spi.c:3858:13:SPI_TxISR_8BIT	8	static
../Drivers/STM32G4xx_HAL_Driver/Src/stm32g4xx_hal_spi.c:3883:13:SPI_TxISR_16BIT	8	static
../Drivers/STM32G4xx_HAL_Driver/Src/stm32g4xx_hal_spi.c:4207:13:SPI_CloseRx_ISR	8	static
../Drivers/STM32G4xx_HAL_Driver/Src/stm32g4xx_hal_spi.c:3769:13:SPI_RxISR_8BIT	8	static
../Drivers/STM32G4xx_HAL_Driver/Src/stm32g4xx_hal_spi.c:3825:13:SPI_RxISR_16BIT	8	static
../Drivers/STM32G4xx_HAL_Driver/Src/stm32g4xx_hal_spi.c:4130:13:SPI_CloseRxTx_ISR	8	static
../Drivers/STM32G4xx_HAL_Driver/Src/stm32g4xx_hal_spi.c:3601:13:SPI_2linesTxISR_8BIT	8	static
../Drivers/STM32G4xx_HAL_Driver/Src/stm32g4xx_hal_spi.c:3516:13:SPI_2linesRxISR_8BIT	8	static
../Drivers/STM32G4xx_HAL_Driver/Src/stm32g4xx_hal_spi.c:3704:13:SPI_2linesTxISR_16BIT	8	static
../Drivers/STM32G4xx_HAL_Driver/Src/stm32g4xx_hal_spi.c:3648:13:SPI_2linesRxISR_16BIT	8	static
../Drivers/STM32G4xx_HAL_Driver/Src/stm32g4xx_hal_spi.c:3340:13:SPI_DMAError	8	static
../Drivers/STM32G4xx_HAL_Driver/Src/stm32g4xx_hal_spi.c:3012:13:SPI_DMATransmitCplt	24	static
../Drivers/STM32G4xx_HAL_Driver/Src/stm32g4xx_hal_spi.c:3069:13:SPI_DMAReceiveCplt	16	static
../Drivers/STM32G4xx_HAL_Driver/Src/stm32g4xx_hal_spi.c:3186:13:SPI_DMATransmitReceiveCplt	16	static
../Drivers/STM32G4xx_HAL_Driver/Src/stm32g4xx_hal_spi.c:2719:6:HAL_SPI_IRQHandler	24	static
../Drivers/STM32G4xx_HAL_Driver/Src/stm32g4xx_hal_spi.c:3363:13:SPI_DMAAbortOnError	8	static
../Drivers/STM32G4xx_HAL_Driver/Src/stm32g4xx_hal_spi.c:2940:13:HAL_SPI_AbortCpltCallback	0	static
../Drivers/STM32G4xx_HAL_Driver/Src/stm32g4xx_hal_spi.c:2478:19:HAL_SPI_Abort_IT	32	static
../Drivers/STM32G4xx_HAL_Driver/Src/stm32g4xx_hal_spi.c:3451:13:SPI_DMARxAbortCallback	32	static
../Drivers/STM32G4xx_HAL_Driver/Src/stm32g4xx_hal_spi.c:3385:13:SPI_DMATxAbortCallback	24	static
../Drivers/STM32G4xx_HAL_Driver/Src/stm32g4xx_hal_spi.c:2975:22:HAL_SPI_GetState	0	static
../Drivers/STM32G4xx_HAL_Driver/Src/stm32g4xx_hal_spi.c:2987:10:HAL_SPI_GetError	0	static
