../Drivers/STM32G4xx_HAL_Driver/Src/stm32g4xx_hal_qspi.c:2468:13:QSPI_DMARxCplt	0	static
../Drivers/STM32G4xx_HAL_Driver/Src/stm32g4xx_hal_qspi.c:2482:13:QSPI_DMATxCplt	0	static
../Drivers/STM32G4xx_HAL_Driver/Src/stm32g4xx_hal_qspi.c:2625:13:QSPI_Config	4	static
../Drivers/STM32G4xx_HAL_Driver/Src/stm32g4xx_hal_qspi.c:2592:26:QSPI_WaitFlagStateUntilTimeout	32	static
../Drivers/STM32G4xx_HAL_Driver/Src/stm32g4xx_hal_qspi.c:433:13:HAL_QSPI_MspInit	0	static
../Drivers/STM32G4xx_HAL_Driver/Src/stm32g4xx_hal_qspi.c:291:19:HAL_QSPI_Init	24	static
../Drivers/STM32G4xx_HAL_Driver/Src/stm32g4xx_hal_qspi.c:448:13:HAL_QSPI_MspDeInit	0	static
../Drivers/STM32G4xx_HAL_Driver/Src/stm32g4xx_hal_qspi.c:392:19:HAL_QSPI_DeInit	8	static
../Drivers/STM32G4xx_HAL_Driver/Src/stm32g4xx_hal_qspi.c:776:19:HAL_QSPI_Command	32	static
../Drivers/STM32G4xx_HAL_Driver/Src/stm32g4xx_hal_qspi.c:865:19:HAL_QSPI_Command_IT	24	static
../Drivers/STM32G4xx_HAL_Driver/Src/stm32g4xx_hal_qspi.c:965:19:HAL_QSPI_Transmit	40	static
../Drivers/STM32G4xx_HAL_Driver/Src/stm32g4xx_hal_qspi.c:1048:19:HAL_QSPI_Receive	40	static
../Drivers/STM32G4xx_HAL_Driver/Src/stm32g4xx_hal_qspi.c:1133:19:HAL_QSPI_Transmit_IT	0	static
../Drivers/STM32G4xx_HAL_Driver/Src/stm32g4xx_hal_qspi.c:1193:19:HAL_QSPI_Receive_IT	8	static
../Drivers/STM32G4xx_HAL_Driver/Src/stm32g4xx_hal_qspi.c:1261:19:HAL_QSPI_Transmit_DMA	16	static
../Drivers/STM32G4xx_HAL_Driver/Src/stm32g4xx_hal_qspi.c:1405:19:HAL_QSPI_Receive_DMA	16	static
../Drivers/STM32G4xx_HAL_Driver/Src/stm32g4xx_hal_qspi.c:1551:19:HAL_QSPI_AutoPolling	32	static
../Drivers/STM32G4xx_HAL_Driver/Src/stm32g4xx_hal_qspi.c:1651:19:HAL_QSPI_AutoPolling_IT	32	static
../Drivers/STM32G4xx_HAL_Driver/Src/stm32g4xx_hal_qspi.c:1755:19:HAL_QSPI_MemoryMapped	32	static
../Drivers/STM32G4xx_HAL_Driver/Src/stm32g4xx_hal_qspi.c:1841:13:HAL_QSPI_ErrorCallback	0	static
../Drivers/STM32G4xx_HAL_Driver/Src/stm32g4xx_hal_qspi.c:2549:13:QSPI_DMAAbortCplt	8	static
../Drivers/STM32G4xx_HAL_Driver/Src/stm32g4xx_hal_qspi.c:1856:13:HAL_QSPI_AbortCpltCallback	0	static
../Drivers/STM32G4xx_HAL_Driver/Src/stm32g4xx_hal_qspi.c:1871:13:HAL_QSPI_CmdCpltCallback	0	static
../Drivers/STM32G4xx_HAL_Driver/Src/stm32g4xx_hal_qspi.c:1886:13:HAL_QSPI_RxCpltCallback	0	static
../Drivers/STM32G4xx_HAL_Driver/Src/stm32g4xx_hal_qspi.c:1901:13:HAL_QSPI_TxCpltCallback	0	static
../Drivers/STM32G4xx_HAL_Driver/Src/stm32g4xx_hal_qspi.c:1916:13:HAL_QSPI_RxHalfCpltCallback	0	static
../Drivers/STM32G4xx_HAL_Driver/Src/stm32g4xx_hal_qspi.c:2496:13:QSPI_DMARxHalfCplt	8	static
../Drivers/STM32G4xx_HAL_Driver/Src/stm32g4xx_hal_qspi.c:1931:13:HAL_QSPI_TxHalfCpltCallback	0	static
../Drivers/STM32G4xx_HAL_Driver/Src/stm32g4xx_hal_qspi.c:2512:13:QSPI_DMATxHalfCplt	8	static
../Drivers/STM32G4xx_HAL_Driver/Src/stm32g4xx_hal_qspi.c:1946:13:HAL_QSPI_FifoThresholdCallback	0	static
../Drivers/STM32G4xx_HAL_Driver/Src/stm32g4xx_hal_qspi.c:1961:13:HAL_QSPI_StatusMatchCallback	0	static
../Drivers/STM32G4xx_HAL_Driver/Src/stm32g4xx_hal_qspi.c:1976:13:HAL_QSPI_TimeOutCallback	0	static
../Drivers/STM32G4xx_HAL_Driver/Src/stm32g4xx_hal_qspi.c:487:6:HAL_QSPI_IRQHandler	8	static
../Drivers/STM32G4xx_HAL_Driver/Src/stm32g4xx_hal_qspi.c:2234:23:HAL_QSPI_GetState	0	static
../Drivers/STM32G4xx_HAL_Driver/Src/stm32g4xx_hal_qspi.c:2245:10:HAL_QSPI_GetError	0	static
../Drivers/STM32G4xx_HAL_Driver/Src/stm32g4xx_hal_qspi.c:2255:19:HAL_QSPI_Abort	24	static
../Drivers/STM32G4xx_HAL_Driver/Src/stm32g4xx_hal_qspi.c:2311:19:HAL_QSPI_Abort_IT	8	static
../Drivers/STM32G4xx_HAL_Driver/Src/stm32g4xx_hal_qspi.c:2528:13:QSPI_DMAError	8	static
../Drivers/STM32G4xx_HAL_Driver/Src/stm32g4xx_hal_qspi.c:2367:6:HAL_QSPI_SetTimeout	0	static
../Drivers/STM32G4xx_HAL_Driver/Src/stm32g4xx_hal_qspi.c:2377:19:HAL_QSPI_SetFifoThreshold	0	static
../Drivers/STM32G4xx_HAL_Driver/Src/stm32g4xx_hal_qspi.c:2409:10:HAL_QSPI_GetFifoThreshold	0	static
../Drivers/STM32G4xx_HAL_Driver/Src/stm32g4xx_hal_qspi.c:2421:19:HAL_QSPI_SetFlashID	0	static
