../Drivers/STM32G4xx_HAL_Driver/Src/stm32g4xx_hal_qspi.c:291:19:HAL_QSPI_Init	32	static
../Drivers/STM32G4xx_HAL_Driver/Src/stm32g4xx_hal_qspi.c:392:19:HAL_QSPI_DeInit	16	static
../Drivers/STM32G4xx_HAL_Driver/Src/stm32g4xx_hal_qspi.c:433:13:HAL_QSPI_MspInit	16	static
../Drivers/STM32G4xx_HAL_Driver/Src/stm32g4xx_hal_qspi.c:448:13:HAL_QSPI_MspDeInit	16	static
../Drivers/STM32G4xx_HAL_Driver/Src/stm32g4xx_hal_qspi.c:487:6:HAL_QSPI_IRQHandler	32	static
../Drivers/STM32G4xx_HAL_Driver/Src/stm32g4xx_hal_qspi.c:776:19:HAL_QSPI_Command	40	static
../Drivers/STM32G4xx_HAL_Driver/Src/stm32g4xx_hal_qspi.c:865:19:HAL_QSPI_Command_IT	32	static
../Drivers/STM32G4xx_HAL_Driver/Src/stm32g4xx_hal_qspi.c:965:19:HAL_QSPI_Transmit	48	static
../Drivers/STM32G4xx_HAL_Driver/Src/stm32g4xx_hal_qspi.c:1048:19:HAL_QSPI_Receive	48	static
../Drivers/STM32G4xx_HAL_Driver/Src/stm32g4xx_hal_qspi.c:1133:19:HAL_QSPI_Transmit_IT	24	static
../Drivers/STM32G4xx_HAL_Driver/Src/stm32g4xx_hal_qspi.c:1193:19:HAL_QSPI_Receive_IT	24	static
../Drivers/STM32G4xx_HAL_Driver/Src/stm32g4xx_hal_qspi.c:1261:19:HAL_QSPI_Transmit_DMA	24	static
../Drivers/STM32G4xx_HAL_Driver/Src/stm32g4xx_hal_qspi.c:1405:19:HAL_QSPI_Receive_DMA	32	static
../Drivers/STM32G4xx_HAL_Driver/Src/stm32g4xx_hal_qspi.c:1551:19:HAL_QSPI_AutoPolling	40	static
../Drivers/STM32G4xx_HAL_Driver/Src/stm32g4xx_hal_qspi.c:1651:19:HAL_QSPI_AutoPolling_IT	40	static
../Drivers/STM32G4xx_HAL_Driver/Src/stm32g4xx_hal_qspi.c:1755:19:HAL_QSPI_MemoryMapped	40	static
../Drivers/STM32G4xx_HAL_Driver/Src/stm32g4xx_hal_qspi.c:1841:13:HAL_QSPI_ErrorCallback	16	static
../Drivers/STM32G4xx_HAL_Driver/Src/stm32g4xx_hal_qspi.c:1856:13:HAL_QSPI_AbortCpltCallback	16	static
../Drivers/STM32G4xx_HAL_Driver/Src/stm32g4xx_hal_qspi.c:1871:13:HAL_QSPI_CmdCpltCallback	16	static
../Drivers/STM32G4xx_HAL_Driver/Src/stm32g4xx_hal_qspi.c:1886:13:HAL_QSPI_RxCpltCallback	16	static
../Drivers/STM32G4xx_HAL_Driver/Src/stm32g4xx_hal_qspi.c:1901:13:HAL_QSPI_TxCpltCallback	16	static
../Drivers/STM32G4xx_HAL_Driver/Src/stm32g4xx_hal_qspi.c:1916:13:HAL_QSPI_RxHalfCpltCallback	16	static
../Drivers/STM32G4xx_HAL_Driver/Src/stm32g4xx_hal_qspi.c:1931:13:HAL_QSPI_TxHalfCpltCallback	16	static
../Drivers/STM32G4xx_HAL_Driver/Src/stm32g4xx_hal_qspi.c:1946:13:HAL_QSPI_FifoThresholdCallback	16	static
../Drivers/STM32G4xx_HAL_Driver/Src/stm32g4xx_hal_qspi.c:1961:13:HAL_QSPI_StatusMatchCallback	16	static
../Drivers/STM32G4xx_HAL_Driver/Src/stm32g4xx_hal_qspi.c:1976:13:HAL_QSPI_TimeOutCallback	16	static
../Drivers/STM32G4xx_HAL_Driver/Src/stm32g4xx_hal_qspi.c:2234:23:HAL_QSPI_GetState	16	static
../Drivers/STM32G4xx_HAL_Driver/Src/stm32g4xx_hal_qspi.c:2245:10:HAL_QSPI_GetError	16	static
../Drivers/STM32G4xx_HAL_Driver/Src/stm32g4xx_hal_qspi.c:2255:19:HAL_QSPI_Abort	32	static
../Drivers/STM32G4xx_HAL_Driver/Src/stm32g4xx_hal_qspi.c:2311:19:HAL_QSPI_Abort_IT	24	static
../Drivers/STM32G4xx_HAL_Driver/Src/stm32g4xx_hal_qspi.c:2367:6:HAL_QSPI_SetTimeout	16	static
../Drivers/STM32G4xx_HAL_Driver/Src/stm32g4xx_hal_qspi.c:2377:19:HAL_QSPI_SetFifoThreshold	24	static
../Drivers/STM32G4xx_HAL_Driver/Src/stm32g4xx_hal_qspi.c:2409:10:HAL_QSPI_GetFifoThreshold	16	static
../Drivers/STM32G4xx_HAL_Driver/Src/stm32g4xx_hal_qspi.c:2421:19:HAL_QSPI_SetFlashID	24	static
../Drivers/STM32G4xx_HAL_Driver/Src/stm32g4xx_hal_qspi.c:2468:13:QSPI_DMARxCplt	24	static
../Drivers/STM32G4xx_HAL_Driver/Src/stm32g4xx_hal_qspi.c:2482:13:QSPI_DMATxCplt	24	static
../Drivers/STM32G4xx_HAL_Driver/Src/stm32g4xx_hal_qspi.c:2496:13:QSPI_DMARxHalfCplt	24	static
../Drivers/STM32G4xx_HAL_Driver/Src/stm32g4xx_hal_qspi.c:2512:13:QSPI_DMATxHalfCplt	24	static
../Drivers/STM32G4xx_HAL_Driver/Src/stm32g4xx_hal_qspi.c:2528:13:QSPI_DMAError	24	static
../Drivers/STM32G4xx_HAL_Driver/Src/stm32g4xx_hal_qspi.c:2549:13:QSPI_DMAAbortCplt	24	static
../Drivers/STM32G4xx_HAL_Driver/Src/stm32g4xx_hal_qspi.c:2592:26:QSPI_WaitFlagStateUntilTimeout	24	static
../Drivers/STM32G4xx_HAL_Driver/Src/stm32g4xx_hal_qspi.c:2625:13:QSPI_Config	24	static
