../Drivers/STM32G4xx_HAL_Driver/Src/stm32g4xx_ll_fmc.c:177:20:FMC_NORSRAM_Init	12	static
../Drivers/STM32G4xx_HAL_Driver/Src/stm32g4xx_ll_fmc.c:308:19:FMC_NORSRAM_DeInit	0	static
../Drivers/STM32G4xx_HAL_Driver/Src/stm32g4xx_ll_fmc.c:365:19:FMC_NORSRAM_Timing_Init	4	static
../Drivers/STM32G4xx_HAL_Driver/Src/stm32g4xx_ll_fmc.c:415:19:FMC_NORSRAM_Extended_Timing_Init	8	static
../Drivers/STM32G4xx_HAL_Driver/Src/stm32g4xx_ll_fmc.c:475:19:FMC_NORSRAM_WriteOperation_Enable	0	static
../Drivers/STM32G4xx_HAL_Driver/Src/stm32g4xx_ll_fmc.c:493:19:FMC_NORSRAM_WriteOperation_Disable	0	static
../Drivers/STM32G4xx_HAL_Driver/Src/stm32g4xx_ll_fmc.c:565:19:FMC_NAND_Init	4	static
../Drivers/STM32G4xx_HAL_Driver/Src/stm32g4xx_ll_fmc.c:597:19:FMC_NAND_CommonSpace_Timing_Init	0	static
../Drivers/STM32G4xx_HAL_Driver/Src/stm32g4xx_ll_fmc.c:628:19:FMC_NAND_AttributeSpace_Timing_Init	0	static
../Drivers/STM32G4xx_HAL_Driver/Src/stm32g4xx_ll_fmc.c:657:19:FMC_NAND_DeInit	0	static
../Drivers/STM32G4xx_HAL_Driver/Src/stm32g4xx_ll_fmc.c:705:19:FMC_NAND_ECC_Enable	0	static
../Drivers/STM32G4xx_HAL_Driver/Src/stm32g4xx_ll_fmc.c:727:19:FMC_NAND_ECC_Disable	0	static
../Drivers/STM32G4xx_HAL_Driver/Src/stm32g4xx_ll_fmc.c:750:19:FMC_NAND_GetECC	24	static
