../Nuklear/nuklear_window.c:10:1:nk_create_window	24	static
../Nuklear/nuklear_window.c:19:1:nk_free_window	32	static
../Nuklear/nuklear_window.c:46:1:nk_find_window	32	static
../Nuklear/nuklear_window.c:62:1:nk_insert_window	32	static
../Nuklear/nuklear_window.c:107:1:nk_remove_window	16	static
../Nuklear/nuklear_window.c:136:1:nk_begin	40	static
../Nuklear/nuklear_window.c:142:1:nk_begin_titled	136	static
../Nuklear/nuklear_window.c:296:1:nk_end	24	static
../Nuklear/nuklear_window.c:314:1:nk_window_get_bounds	56	static
../Nuklear/nuklear_window.c:322:1:nk_window_get_position	32	static
../Nuklear/nuklear_window.c:330:1:nk_window_get_size	32	static
../Nuklear/nuklear_window.c:338:1:nk_window_get_width	16	static
../Nuklear/nuklear_window.c:346:1:nk_window_get_height	16	static
../Nuklear/nuklear_window.c:354:1:nk_window_get_content_region	56	static
../Nuklear/nuklear_window.c:362:1:nk_window_get_content_region_min	32	static
../Nuklear/nuklear_window.c:371:1:nk_window_get_content_region_max	32	static
../Nuklear/nuklear_window.c:381:1:nk_window_get_content_region_size	32	static
../Nuklear/nuklear_window.c:390:1:nk_window_get_canvas	16	static
../Nuklear/nuklear_window.c:399:1:nk_window_get_panel	16	static
../Nuklear/nuklear_window.c:407:1:nk_window_get_scroll	32	static
../Nuklear/nuklear_window.c:421:1:nk_window_has_focus	16	static
../Nuklear/nuklear_window.c:430:1:nk_window_is_hovered	40	static
../Nuklear/nuklear_window.c:445:1:nk_window_is_any_hovered	48	static
../Nuklear/nuklear_window.c:472:1:nk_item_is_any_active	24	static
../Nuklear/nuklear_window.c:479:1:nk_window_is_collapsed	32	static
../Nuklear/nuklear_window.c:494:1:nk_window_is_closed	32	static
../Nuklear/nuklear_window.c:509:1:nk_window_is_hidden	32	static
../Nuklear/nuklear_window.c:524:1:nk_window_is_active	32	static
../Nuklear/nuklear_window.c:539:1:nk_window_find	24	static
../Nuklear/nuklear_window.c:548:1:nk_window_close	24	static
../Nuklear/nuklear_window.c:561:1:nk_window_set_bounds	48	static
../Nuklear/nuklear_window.c:573:1:nk_window_set_position	32	static
../Nuklear/nuklear_window.c:582:1:nk_window_set_size	32	static
../Nuklear/nuklear_window.c:591:1:nk_window_set_scroll	32	static
../Nuklear/nuklear_window.c:603:1:nk_window_collapse	40	static
../Nuklear/nuklear_window.c:621:1:nk_window_collapse_if	24	static
../Nuklear/nuklear_window.c:629:1:nk_window_show	40	static
../Nuklear/nuklear_window.c:646:1:nk_window_show_if	24	static
../Nuklear/nuklear_window.c:655:1:nk_window_set_focus	32	static
