../Nuklear/nuklear_panel.c:10:1:nk_create_panel	8	static
../Nuklear/nuklear_panel.c:19:1:nk_free_panel	8	static
../Nuklear/nuklear_panel.c:26:1:nk_panel_has_header	0	static
../Nuklear/nuklear_panel.c:35:1:nk_panel_get_padding	16	static
../Nuklear/nuklear_panel.c:48:1:nk_panel_get_border	0	static
../Nuklear/nuklear_panel.c:64:1:nk_panel_get_border_color	8	static
../Nuklear/nuklear_panel.c:77:1:nk_panel_is_sub	0	static
../Nuklear/nuklear_panel.c:82:1:nk_panel_is_nonblock	0	static
../Nuklear/nuklear_panel.c:87:1:nk_panel_begin	152	static
../Nuklear/nuklear_panel.c:327:1:nk_panel_end	104	static
