../Nuklear/nuklear_style.c:9:13:nk_style_default	16	static
../Nuklear/nuklear_style.c:53:1:nk_style_get_color_by_name	16	static
../Nuklear/nuklear_style.c:58:1:nk_style_item_color	56	static
../Nuklear/nuklear_style.c:66:1:nk_style_item_image	56	static
../Nuklear/nuklear_style.c:74:1:nk_style_item_nine_slice	56	static
../Nuklear/nuklear_style.c:82:1:nk_style_item_hide	56	static
../Nuklear/nuklear_style.c:90:1:nk_style_from_table	136	static
../Nuklear/nuklear_style.c:634:1:nk_style_set_font	24	static
../Nuklear/nuklear_style.c:647:1:nk_style_push_font	24	static
../Nuklear/nuklear_style.c:667:1:nk_style_pop_font	24	static
../Nuklear/nuklear_style.c:716:16:nk_style_push_style_item	32	static
../Nuklear/nuklear_style.c:717:16:nk_style_push_float	32	static
../Nuklear/nuklear_style.c:718:16:nk_style_push_vec2	32	static
../Nuklear/nuklear_style.c:719:16:nk_style_push_flags	32	static
../Nuklear/nuklear_style.c:720:16:nk_style_push_color	32	static
../Nuklear/nuklear_style.c:722:16:nk_style_pop_style_item	32	static
../Nuklear/nuklear_style.c:723:16:nk_style_pop_float	24	static
../Nuklear/nuklear_style.c:724:16:nk_style_pop_vec2	24	static
../Nuklear/nuklear_style.c:725:16:nk_style_pop_flags	24	static
../Nuklear/nuklear_style.c:726:16:nk_style_pop_color	24	static
../Nuklear/nuklear_style.c:729:1:nk_style_set_cursor	24	static
../Nuklear/nuklear_style.c:742:1:nk_style_show_cursor	16	static
../Nuklear/nuklear_style.c:747:1:nk_style_hide_cursor	16	static
../Nuklear/nuklear_style.c:752:1:nk_style_load_cursor	32	static
../Nuklear/nuklear_style.c:762:1:nk_style_load_all_cursors	24	static
