../Nuklear/nuklear_util.c:281:1:nk_str_match_here	16	static
../Nuklear/nuklear_util.c:11:16:nk_is_lower	0	static
../Nuklear/nuklear_util.c:12:16:nk_is_upper	0	static
../Nuklear/nuklear_util.c:13:12:nk_to_upper	0	static
../Nuklear/nuklear_util.c:14:12:nk_to_lower	0	static
../Nuklear/nuklear_util.c:19:1:nk_memcopy	16	static
../Nuklear/nuklear_util.c:78:1:nk_memset	4	static
../Nuklear/nuklear_util.c:130:1:nk_zero	8	static
../Nuklear/nuklear_util.c:136:1:nk_strlen	8	static
../Nuklear/nuklear_util.c:144:1:nk_strtoi	8	static
../Nuklear/nuklear_util.c:168:1:nk_strtod	56	static
../Nuklear/nuklear_util.c:225:1:nk_strtof	8	static
../Nuklear/nuklear_util.c:234:1:nk_stricmp	8	static
../Nuklear/nuklear_util.c:256:1:nk_stricmpn	16	static
../Nuklear/nuklear_util.c:303:1:nk_strfilter	16	static
../Nuklear/nuklear_util.c:320:1:nk_strmatch_fuzzy_text	80	static
../Nuklear/nuklear_util.c:441:1:nk_strmatch_fuzzy_string	16	static
../Nuklear/nuklear_util.c:446:1:nk_string_float_limit	4	static
../Nuklear/nuklear_util.c:479:1:nk_itoa	16	static
../Nuklear/nuklear_util.c:504:1:nk_dtoa	56	static
../Nuklear/nuklear_util.c:904:1:nk_strfmt	136	static
../Nuklear/nuklear_util.c:921:1:nk_murmur_hash	24	static
../Nuklear/nuklear_util.c:1020:1:nk_text_clamp	88	static
../Nuklear/nuklear_util.c:1068:1:nk_text_calculate_text_bounds	96	static
