../Nuklear/nuklear_menu.c:80:1:nk_menu_begin	64	static
../Nuklear/nuklear_menu.c:10:1:nk_menubar_begin	8	static
../Nuklear/nuklear_menu.c:47:1:nk_menubar_end	8	static
../Nuklear/nuklear_menu.c:113:1:nk_menu_begin_text	72	static
../Nuklear/nuklear_menu.c:137:16:nk_menu_begin_label	24	static
../Nuklear/nuklear_menu.c:143:1:nk_menu_begin_image	64	static
../Nuklear/nuklear_menu.c:168:1:nk_menu_begin_symbol	64	static
../Nuklear/nuklear_menu.c:193:1:nk_menu_begin_image_text	88	static
../Nuklear/nuklear_menu.c:219:1:nk_menu_begin_image_label	48	static
../Nuklear/nuklear_menu.c:225:1:nk_menu_begin_symbol_text	72	static
../Nuklear/nuklear_menu.c:251:1:nk_menu_begin_symbol_label	40	static
../Nuklear/nuklear_menu.c:257:1:nk_menu_item_text	8	static
../Nuklear/nuklear_menu.c:262:1:nk_menu_item_label	8	static
../Nuklear/nuklear_menu.c:267:1:nk_menu_item_image_label	24	static
../Nuklear/nuklear_menu.c:273:1:nk_menu_item_image_text	24	static
../Nuklear/nuklear_menu.c:278:16:nk_menu_item_symbol_text	16	static
../Nuklear/nuklear_menu.c:283:16:nk_menu_item_symbol_label	8	static
../Nuklear/nuklear_menu.c:288:13:nk_menu_close	8	static
../Nuklear/nuklear_menu.c:293:1:nk_menu_end	8	static
