../Nuklear/nuklear_style.c:53:1:nk_style_get_color_by_name	0	static
../Nuklear/nuklear_style.c:58:1:nk_style_item_color	8	static
../Nuklear/nuklear_style.c:66:1:nk_style_item_image	8	static
../Nuklear/nuklear_style.c:74:1:nk_style_item_nine_slice	8	static
../Nuklear/nuklear_style.c:82:1:nk_style_item_hide	8	static
../Nuklear/nuklear_style.c:90:1:nk_style_from_table	120	static
../Nuklear/nuklear_style.c:9:13:nk_style_default	8	static
../Nuklear/nuklear_style.c:634:1:nk_style_set_font	8	static
../Nuklear/nuklear_style.c:647:1:nk_style_push_font	8	static
../Nuklear/nuklear_style.c:667:1:nk_style_pop_font	8	static
../Nuklear/nuklear_style.c:716:16:nk_style_push_style_item	8	static
../Nuklear/nuklear_style.c:717:16:nk_style_push_float	8	static
../Nuklear/nuklear_style.c:718:16:nk_style_push_vec2	16	static
../Nuklear/nuklear_style.c:719:16:nk_style_push_flags	8	static
../Nuklear/nuklear_style.c:720:16:nk_style_push_color	16	static
../Nuklear/nuklear_style.c:722:16:nk_style_pop_style_item	8	static
../Nuklear/nuklear_style.c:723:16:nk_style_pop_float	8	static
../Nuklear/nuklear_style.c:724:16:nk_style_pop_vec2	8	static
../Nuklear/nuklear_style.c:725:16:nk_style_pop_flags	8	static
../Nuklear/nuklear_style.c:726:16:nk_style_pop_color	8	static
../Nuklear/nuklear_style.c:729:1:nk_style_set_cursor	8	static
../Nuklear/nuklear_style.c:742:1:nk_style_show_cursor	0	static
../Nuklear/nuklear_style.c:747:1:nk_style_hide_cursor	0	static
../Nuklear/nuklear_style.c:752:1:nk_style_load_cursor	8	static
../Nuklear/nuklear_style.c:762:1:nk_style_load_all_cursors	8	static
