../Nuklear/nuklear_text_editor.c:203:1:nk_textedit_clamp	0	static
../Nuklear/nuklear_text_editor.c:253:1:nk_textedit_move_to_first	0	static
../Nuklear/nuklear_text_editor.c:312:1:nk_textedit_prep_selection_at_cursor	0	static
../Nuklear/nuklear_text_editor.c:34:1:nk_textedit_get_width	16	static
../Nuklear/nuklear_text_editor.c:43:1:nk_textedit_layout_row	80	static
../Nuklear/nuklear_text_editor.c:64:1:nk_textedit_locate_coord	64	static
../Nuklear/nuklear_text_editor.c:723:1:nk_textedit_discard_undo	16	static
../Nuklear/nuklear_text_editor.c:802:1:nk_textedit_createundo	24	static
../Nuklear/nuklear_text_editor.c:276:1:nk_is_word_boundary	16	static
../Nuklear/nuklear_text_editor.c:287:1:nk_textedit_move_to_word_previous	16	static
../Nuklear/nuklear_text_editor.c:299:1:nk_textedit_move_to_word_next	16	static
../Nuklear/nuklear_text_editor.c:146:1:nk_textedit_find_charpos	64	static
../Nuklear/nuklear_text_editor.c:264:1:nk_textedit_move_to_last	8	static
../Nuklear/nuklear_text_editor.c:124:1:nk_textedit_click	8	static
../Nuklear/nuklear_text_editor.c:135:1:nk_textedit_drag	8	static
../Nuklear/nuklear_text_editor.c:217:1:nk_textedit_delete	32	static
../Nuklear/nuklear_text_editor.c:225:1:nk_textedit_delete_selection	8	static
../Nuklear/nuklear_text_editor.c:320:1:nk_textedit_cut	8	static
../Nuklear/nuklear_text_editor.c:333:1:nk_textedit_paste	24	static
../Nuklear/nuklear_text_editor.c:358:1:nk_textedit_text	56	static
../Nuklear/nuklear_text_editor.c:823:1:nk_textedit_undo	48	static
../Nuklear/nuklear_text_editor.c:890:1:nk_textedit_redo	48	static
../Nuklear/nuklear_text_editor.c:965:1:nk_textedit_clear_state	8	static
../Nuklear/nuklear_text_editor.c:985:1:nk_textedit_init_fixed	16	static
../Nuklear/nuklear_text_editor.c:995:1:nk_textedit_init	16	static
../Nuklear/nuklear_text_editor.c:1016:1:nk_textedit_select_all	8	static
../Nuklear/nuklear_text_editor.c:407:1:nk_textedit_key	96	static
../Nuklear/nuklear_text_editor.c:1023:1:nk_textedit_free	8	static
