../Nuklear/nuklear_draw.c:10:1:nk_command_buffer_init	8	static
../Nuklear/nuklear_draw.c:23:1:nk_command_buffer_reset	8	static
../Nuklear/nuklear_draw.c:36:1:nk_command_buffer_push	16	static
../Nuklear/nuklear_draw.c:69:1:nk_push_scissor	40	static
../Nuklear/nuklear_draw.c:89:1:nk_stroke_line	40	static
../Nuklear/nuklear_draw.c:106:1:nk_stroke_curve	56	static
../Nuklear/nuklear_draw.c:129:1:nk_stroke_rect	56	static
../Nuklear/nuklear_draw.c:152:1:nk_fill_rect	56	static
../Nuklear/nuklear_draw.c:175:1:nk_fill_rect_multi_color	56	static
../Nuklear/nuklear_draw.c:201:1:nk_stroke_circle	56	static
../Nuklear/nuklear_draw.c:223:1:nk_fill_circle	48	static
../Nuklear/nuklear_draw.c:244:1:nk_stroke_arc	40	static
../Nuklear/nuklear_draw.c:261:1:nk_fill_arc	40	static
../Nuklear/nuklear_draw.c:278:1:nk_stroke_triangle	48	static
../Nuklear/nuklear_draw.c:305:1:nk_fill_triangle	40	static
../Nuklear/nuklear_draw.c:332:1:nk_stroke_polygon	32	static
../Nuklear/nuklear_draw.c:353:1:nk_fill_polygon	24	static
../Nuklear/nuklear_draw.c:374:1:nk_stroke_polyline	32	static
../Nuklear/nuklear_draw.c:395:1:nk_draw_image	48	static
../Nuklear/nuklear_draw.c:418:1:nk_draw_nine_slice	240	static
../Nuklear/nuklear_draw.c:495:1:nk_push_custom	48	static
../Nuklear/nuklear_draw.c:518:1:nk_draw_text	80	static
