../Nuklear/nuklear_combo.c:10:1:nk_combo_begin	72	static
../Nuklear/nuklear_combo.c:44:1:nk_combo_begin_text	152	static
../Nuklear/nuklear_combo.c:150:1:nk_combo_begin_label	24	static
../Nuklear/nuklear_combo.c:155:1:nk_combo_begin_color	128	static
../Nuklear/nuklear_combo.c:246:1:nk_combo_begin_symbol	120	static
../Nuklear/nuklear_combo.c:340:1:nk_combo_begin_symbol_text	184	static
../Nuklear/nuklear_combo.c:444:1:nk_combo_begin_image	104	static
../Nuklear/nuklear_combo.c:535:1:nk_combo_begin_image_text	176	static
../Nuklear/nuklear_combo.c:642:1:nk_combo_begin_symbol_label	24	static
../Nuklear/nuklear_combo.c:648:1:nk_combo_begin_image_label	40	static
../Nuklear/nuklear_combo.c:654:1:nk_combo_item_text	8	static
../Nuklear/nuklear_combo.c:659:1:nk_combo_item_label	8	static
../Nuklear/nuklear_combo.c:664:1:nk_combo_item_image_text	24	static
../Nuklear/nuklear_combo.c:670:1:nk_combo_item_image_label	24	static
../Nuklear/nuklear_combo.c:676:1:nk_combo_item_symbol_text	16	static
../Nuklear/nuklear_combo.c:682:1:nk_combo_item_symbol_label	8	static
../Nuklear/nuklear_combo.c:687:13:nk_combo_end	8	static
../Nuklear/nuklear_combo.c:691:13:nk_combo_close	8	static
../Nuklear/nuklear_combo.c:696:1:nk_combo	64	static
../Nuklear/nuklear_combo.c:726:1:nk_combo_separator	72	static
../Nuklear/nuklear_combo.c:775:1:nk_combo_string	24	static
../Nuklear/nuklear_combo.c:781:1:nk_combo_callback	72	static
../Nuklear/nuklear_combo.c:814:1:nk_combobox	24	static
../Nuklear/nuklear_combo.c:820:1:nk_combobox_string	24	static
../Nuklear/nuklear_combo.c:826:1:nk_combobox_separator	24	static
../Nuklear/nuklear_combo.c:833:1:nk_combobox_callback	24	static
