../Nuklear/nuklear_button.c:10:1:nk_draw_symbol	112	static
../Nuklear/nuklear_button.c:63:1:nk_button_behavior	40	static
../Nuklear/nuklear_button.c:90:1:nk_draw_button	24	static
../Nuklear/nuklear_button.c:116:1:nk_do_button	48	static
../Nuklear/nuklear_button.c:141:1:nk_draw_button_text	48	static
../Nuklear/nuklear_button.c:164:1:nk_do_button_text	88	static
../Nuklear/nuklear_button.c:188:1:nk_draw_button_symbol	40	static
../Nuklear/nuklear_button.c:210:1:nk_do_button_symbol	80	static
../Nuklear/nuklear_button.c:233:1:nk_draw_button_image	16	static
../Nuklear/nuklear_button.c:241:1:nk_do_button_image	64	static
../Nuklear/nuklear_button.c:267:1:nk_draw_button_text_symbol	72	static
../Nuklear/nuklear_button.c:300:1:nk_do_button_text_symbol	104	static
../Nuklear/nuklear_button.c:332:1:nk_draw_button_text_image	48	static
../Nuklear/nuklear_button.c:357:1:nk_do_button_text_image	104	static
../Nuklear/nuklear_button.c:393:1:nk_button_set_behavior	8	static
../Nuklear/nuklear_button.c:400:1:nk_button_push_behavior	8	static
../Nuklear/nuklear_button.c:420:1:nk_button_pop_behavior	8	static
../Nuklear/nuklear_button.c:438:1:nk_button_text_styled	72	static
../Nuklear/nuklear_button.c:465:1:nk_button_text	8	static
../Nuklear/nuklear_button.c:471:16:nk_button_label_styled	16	static
../Nuklear/nuklear_button.c:476:16:nk_button_label	16	static
../Nuklear/nuklear_button.c:481:1:nk_button_color	256	static
../Nuklear/nuklear_button.c:516:1:nk_button_symbol_styled	56	static
../Nuklear/nuklear_button.c:541:1:nk_button_symbol	8	static
../Nuklear/nuklear_button.c:548:1:nk_button_image_styled	64	static
../Nuklear/nuklear_button.c:574:1:nk_button_image	16	static
../Nuklear/nuklear_button.c:581:1:nk_button_symbol_text_styled	72	static
../Nuklear/nuklear_button.c:609:1:nk_button_symbol_text	16	static
../Nuklear/nuklear_button.c:616:16:nk_button_symbol_label	32	static
../Nuklear/nuklear_button.c:621:16:nk_button_symbol_label_styled	32	static
../Nuklear/nuklear_button.c:628:1:nk_button_image_text_styled	80	static
../Nuklear/nuklear_button.c:656:1:nk_button_image_text	32	static
../Nuklear/nuklear_button.c:661:16:nk_button_image_label	32	static
../Nuklear/nuklear_button.c:666:16:nk_button_image_label_styled	40	static
