../Nuklear/nuklear_window.c:10:1:nk_create_window	8	static
../Nuklear/nuklear_window.c:19:1:nk_free_window	24	static
../Nuklear/nuklear_window.c:46:1:nk_find_window	24	static
../Nuklear/nuklear_window.c:62:1:nk_insert_window	8	static
../Nuklear/nuklear_window.c:107:1:nk_remove_window	0	static
../Nuklear/nuklear_window.c:142:1:nk_begin_titled	120	static
../Nuklear/nuklear_window.c:136:1:nk_begin	24	static
../Nuklear/nuklear_window.c:296:1:nk_end	8	static
../Nuklear/nuklear_window.c:314:1:nk_window_get_bounds	40	static
../Nuklear/nuklear_window.c:322:1:nk_window_get_position	24	static
../Nuklear/nuklear_window.c:330:1:nk_window_get_size	24	static
../Nuklear/nuklear_window.c:338:1:nk_window_get_width	8	static
../Nuklear/nuklear_window.c:346:1:nk_window_get_height	8	static
../Nuklear/nuklear_window.c:354:1:nk_window_get_content_region	40	static
../Nuklear/nuklear_window.c:362:1:nk_window_get_content_region_min	24	static
../Nuklear/nuklear_window.c:371:1:nk_window_get_content_region_max	24	static
../Nuklear/nuklear_window.c:381:1:nk_window_get_content_region_size	24	static
../Nuklear/nuklear_window.c:390:1:nk_window_get_canvas	8	static
../Nuklear/nuklear_window.c:399:1:nk_window_get_panel	8	static
../Nuklear/nuklear_window.c:407:1:nk_window_get_scroll	8	static
../Nuklear/nuklear_window.c:421:1:nk_window_has_focus	8	static
../Nuklear/nuklear_window.c:430:1:nk_window_is_hovered	24	static
../Nuklear/nuklear_window.c:445:1:nk_window_is_any_hovered	40	static
../Nuklear/nuklear_window.c:472:1:nk_item_is_any_active	8	static
../Nuklear/nuklear_window.c:479:1:nk_window_is_collapsed	16	static
../Nuklear/nuklear_window.c:494:1:nk_window_is_closed	16	static
../Nuklear/nuklear_window.c:509:1:nk_window_is_hidden	16	static
../Nuklear/nuklear_window.c:524:1:nk_window_is_active	16	static
../Nuklear/nuklear_window.c:539:1:nk_window_find	16	static
../Nuklear/nuklear_window.c:548:1:nk_window_close	8	static
../Nuklear/nuklear_window.c:561:1:nk_window_set_bounds	24	static
../Nuklear/nuklear_window.c:573:1:nk_window_set_position	16	static
../Nuklear/nuklear_window.c:582:1:nk_window_set_size	16	static
../Nuklear/nuklear_window.c:591:1:nk_window_set_scroll	8	static
../Nuklear/nuklear_window.c:603:1:nk_window_collapse	16	static
../Nuklear/nuklear_window.c:621:1:nk_window_collapse_if	8	static
../Nuklear/nuklear_window.c:629:1:nk_window_show	16	static
../Nuklear/nuklear_window.c:646:1:nk_window_show_if	8	static
../Nuklear/nuklear_window.c:655:1:nk_window_set_focus	16	static
