../Nuklear/nuklear_layout.c:10:1:nk_layout_set_min_row_height	8	static
../Nuklear/nuklear_layout.c:26:1:nk_layout_reset_min_row_height	8	static
../Nuklear/nuklear_layout.c:44:1:nk_layout_row_calculate_usable_space	0	static
../Nuklear/nuklear_layout.c:62:1:nk_panel_layout	32	static
../Nuklear/nuklear_layout.c:114:1:nk_row_layout	24	static
../Nuklear/nuklear_layout.c:137:1:nk_layout_ratio_from_pixel	8	static
../Nuklear/nuklear_layout.c:147:1:nk_layout_row_dynamic	8	static
../Nuklear/nuklear_layout.c:152:1:nk_layout_row_static	8	static
../Nuklear/nuklear_layout.c:157:1:nk_layout_row_begin	16	static
../Nuklear/nuklear_layout.c:183:1:nk_layout_row_push	8	static
../Nuklear/nuklear_layout.c:209:1:nk_layout_row_end	8	static
../Nuklear/nuklear_layout.c:229:1:nk_layout_row	24	static
../Nuklear/nuklear_layout.c:268:1:nk_layout_row_template_begin	8	static
../Nuklear/nuklear_layout.c:295:1:nk_layout_row_template_push_dynamic	8	static
../Nuklear/nuklear_layout.c:315:1:nk_layout_row_template_push_variable	8	static
../Nuklear/nuklear_layout.c:335:1:nk_layout_row_template_push_static	8	static
../Nuklear/nuklear_layout.c:355:1:nk_layout_row_template_end	40	static
../Nuklear/nuklear_layout.c:406:1:nk_layout_space_begin	16	static
../Nuklear/nuklear_layout.c:431:1:nk_layout_space_end	8	static
../Nuklear/nuklear_layout.c:450:1:nk_layout_space_push	24	static
../Nuklear/nuklear_layout.c:466:1:nk_layout_space_bounds	40	static
../Nuklear/nuklear_layout.c:485:1:nk_layout_widget_bounds	40	static
../Nuklear/nuklear_layout.c:504:1:nk_layout_space_to_screen	32	static
../Nuklear/nuklear_layout.c:520:1:nk_layout_space_to_local	32	static
../Nuklear/nuklear_layout.c:536:1:nk_layout_space_rect_to_screen	56	static
../Nuklear/nuklear_layout.c:552:1:nk_layout_space_rect_to_local	56	static
../Nuklear/nuklear_layout.c:568:1:nk_panel_alloc_row	8	static
../Nuklear/nuklear_layout.c:576:1:nk_layout_widget_space	40	static
../Nuklear/nuklear_layout.c:711:1:nk_panel_alloc_space	24	static
../Nuklear/nuklear_layout.c:733:1:nk_layout_peek	24	static
../Nuklear/nuklear_layout.c:764:1:nk_spacer	24	static
