../Nuklear/nuklear_buffer.c:35:1:nk_buffer_init	16	static
../Nuklear/nuklear_buffer.c:52:1:nk_buffer_init_fixed	16	static
../Nuklear/nuklear_buffer.c:66:1:nk_buffer_align	0	static
../Nuklear/nuklear_buffer.c:96:1:nk_buffer_realloc	24	static
../Nuklear/nuklear_buffer.c:134:1:nk_buffer_alloc	32	static
../Nuklear/nuklear_buffer.c:186:1:nk_buffer_push	16	static
../Nuklear/nuklear_buffer.c:194:1:nk_buffer_mark	8	static
../Nuklear/nuklear_buffer.c:204:1:nk_buffer_reset	8	static
../Nuklear/nuklear_buffer.c:225:1:nk_buffer_clear	8	static
../Nuklear/nuklear_buffer.c:235:1:nk_buffer_free	8	static
../Nuklear/nuklear_buffer.c:245:1:nk_buffer_info	8	static
../Nuklear/nuklear_buffer.c:257:1:nk_buffer_memory	8	static
../Nuklear/nuklear_buffer.c:264:1:nk_buffer_memory_const	8	static
../Nuklear/nuklear_buffer.c:271:1:nk_buffer_total	8	static
