../Nuklear/nuklear_color.c:10:1:nk_parse_hex	0	static
../Nuklear/nuklear_color.c:26:1:nk_rgba	8	static
../Nuklear/nuklear_color.c:36:1:nk_rgb_hex	24	static
../Nuklear/nuklear_color.c:48:1:nk_rgba_hex	32	static
../Nuklear/nuklear_color.c:60:1:nk_color_hex_rgba	16	static
../Nuklear/nuklear_color.c:75:1:nk_color_hex_rgb	16	static
../Nuklear/nuklear_color.c:88:1:nk_rgba_iv	16	static
../Nuklear/nuklear_color.c:93:1:nk_rgba_bv	16	static
../Nuklear/nuklear_color.c:98:1:nk_rgb	8	static
../Nuklear/nuklear_color.c:108:1:nk_rgb_iv	16	static
../Nuklear/nuklear_color.c:113:1:nk_rgb_bv	16	static
../Nuklear/nuklear_color.c:118:1:nk_rgba_u32	8	static
../Nuklear/nuklear_color.c:128:1:nk_rgba_f	16	static
../Nuklear/nuklear_color.c:138:1:nk_rgba_fv	16	static
../Nuklear/nuklear_color.c:143:1:nk_rgba_cf	32	static
../Nuklear/nuklear_color.c:148:1:nk_rgb_f	16	static
../Nuklear/nuklear_color.c:158:1:nk_rgb_fv	16	static
../Nuklear/nuklear_color.c:163:1:nk_rgb_cf	32	static
../Nuklear/nuklear_color.c:212:1:nk_hsva_colorf	32	static
../Nuklear/nuklear_color.c:239:1:nk_hsva_colorfv	40	static
../Nuklear/nuklear_color.c:244:1:nk_hsva_f	32	static
../Nuklear/nuklear_color.c:183:1:nk_hsv_f	16	static
../Nuklear/nuklear_color.c:188:1:nk_hsv_fv	16	static
../Nuklear/nuklear_color.c:193:1:nk_hsva	16	static
../Nuklear/nuklear_color.c:168:1:nk_hsv	16	static
../Nuklear/nuklear_color.c:173:1:nk_hsv_iv	16	static
../Nuklear/nuklear_color.c:178:1:nk_hsv_bv	16	static
../Nuklear/nuklear_color.c:202:1:nk_hsva_iv	16	static
../Nuklear/nuklear_color.c:207:1:nk_hsva_bv	16	static
../Nuklear/nuklear_color.c:250:1:nk_hsva_fv	16	static
../Nuklear/nuklear_color.c:255:1:nk_color_u32	8	static
../Nuklear/nuklear_color.c:264:1:nk_color_f	0	static
../Nuklear/nuklear_color.c:273:1:nk_color_fv	24	static
../Nuklear/nuklear_color.c:278:1:nk_color_cf	72	static
../Nuklear/nuklear_color.c:285:1:nk_color_d	24	static
../Nuklear/nuklear_color.c:294:1:nk_color_dv	24	static
../Nuklear/nuklear_color.c:311:1:nk_colorf_hsva_f	16	static
../Nuklear/nuklear_color.c:332:1:nk_colorf_hsva_fv	24	static
../Nuklear/nuklear_color.c:337:1:nk_color_hsva_f	48	static
../Nuklear/nuklear_color.c:299:1:nk_color_hsv_f	32	static
../Nuklear/nuklear_color.c:305:1:nk_color_hsv_fv	32	static
../Nuklear/nuklear_color.c:345:1:nk_color_hsva_fv	24	static
../Nuklear/nuklear_color.c:350:1:nk_color_hsva_i	56	static
../Nuklear/nuklear_color.c:361:1:nk_color_hsva_iv	24	static
../Nuklear/nuklear_color.c:366:1:nk_color_hsva_bv	40	static
../Nuklear/nuklear_color.c:376:1:nk_color_hsva_b	48	static
../Nuklear/nuklear_color.c:386:1:nk_color_hsv_i	32	static
../Nuklear/nuklear_color.c:392:1:nk_color_hsv_b	48	static
../Nuklear/nuklear_color.c:401:1:nk_color_hsv_iv	16	static
../Nuklear/nuklear_color.c:406:1:nk_color_hsv_bv	32	static
