../Nuklear/nuklear_util.c:11:16:nk_is_lower	16	static
../Nuklear/nuklear_util.c:12:16:nk_is_upper	16	static
../Nuklear/nuklear_util.c:13:12:nk_to_upper	16	static
../Nuklear/nuklear_util.c:14:12:nk_to_lower	16	static
../Nuklear/nuklear_util.c:19:1:nk_memcopy	40	static
../Nuklear/nuklear_util.c:78:1:nk_memset	40	static
../Nuklear/nuklear_util.c:130:1:nk_zero	16	static
../Nuklear/nuklear_util.c:136:1:nk_strlen	24	static
../Nuklear/nuklear_util.c:144:1:nk_strtoi	32	static
../Nuklear/nuklear_util.c:168:1:nk_strtod	80	static
../Nuklear/nuklear_util.c:225:1:nk_strtof	32	static
../Nuklear/nuklear_util.c:234:1:nk_stricmp	32	static
../Nuklear/nuklear_util.c:256:1:nk_stricmpn	40	static
../Nuklear/nuklear_util.c:281:1:nk_str_match_here	16	static
../Nuklear/nuklear_util.c:294:1:nk_str_match_star	24	static
../Nuklear/nuklear_util.c:303:1:nk_strfilter	16	static
../Nuklear/nuklear_util.c:320:1:nk_strmatch_fuzzy_text	96	static
../Nuklear/nuklear_util.c:441:1:nk_strmatch_fuzzy_string	24	static
../Nuklear/nuklear_util.c:446:1:nk_string_float_limit	24	static
../Nuklear/nuklear_util.c:466:1:nk_strrev_ascii	32	static
../Nuklear/nuklear_util.c:479:1:nk_itoa	24	static
../Nuklear/nuklear_util.c:504:1:nk_dtoa	88	static
../Nuklear/nuklear_util.c:585:1:nk_vsnprintf	248	static
../Nuklear/nuklear_util.c:904:1:nk_strfmt	32	static
../Nuklear/nuklear_util.c:921:1:nk_murmur_hash	72	static
../Nuklear/nuklear_util.c:1020:1:nk_text_clamp	80	static
../Nuklear/nuklear_util.c:1068:1:nk_text_calculate_text_bounds	80	static
