../Nuklear/nuklear_tree.c:10:1:nk_tree_state_base	176	static
../Nuklear/nuklear_tree.c:123:1:nk_tree_base	40	static
../Nuklear/nuklear_tree.c:310:1:nk_tree_element_base	168	static
../Nuklear/nuklear_tree.c:145:1:nk_tree_state_push	16	static
../Nuklear/nuklear_tree.c:151:1:nk_tree_state_image_push	16	static
../Nuklear/nuklear_tree.c:157:1:nk_tree_state_pop	8	static
../Nuklear/nuklear_tree.c:176:1:nk_tree_push_hashed	24	static
../Nuklear/nuklear_tree.c:183:1:nk_tree_image_push_hashed	24	static
../Nuklear/nuklear_tree.c:190:1:nk_tree_pop	8	static
../Nuklear/nuklear_tree.c:332:1:nk_tree_element_push_hashed	32	static
../Nuklear/nuklear_tree.c:339:1:nk_tree_element_image_push_hashed	32	static
../Nuklear/nuklear_tree.c:346:1:nk_tree_element_pop	8	static
