../Nuklear/nuklear_edit.c:10:1:nk_filter_default	0	static
../Nuklear/nuklear_edit.c:17:1:nk_filter_ascii	0	static
../Nuklear/nuklear_edit.c:24:1:nk_filter_float	0	static
../Nuklear/nuklear_edit.c:32:1:nk_filter_decimal	0	static
../Nuklear/nuklear_edit.c:40:1:nk_filter_hex	0	static
../Nuklear/nuklear_edit.c:50:1:nk_filter_oct	0	static
../Nuklear/nuklear_edit.c:58:1:nk_filter_binary	0	static
../Nuklear/nuklear_edit.c:72:1:nk_edit_draw_text	120	static
../Nuklear/nuklear_edit.c:152:1:nk_do_edit	336	static
../Nuklear/nuklear_edit.c:665:1:nk_edit_focus	8	static
../Nuklear/nuklear_edit.c:682:1:nk_edit_unfocus	8	static
../Nuklear/nuklear_edit.c:750:1:nk_edit_buffer	64	static
../Nuklear/nuklear_edit.c:694:1:nk_edit_string	40	static
../Nuklear/nuklear_edit.c:811:1:nk_edit_string_zero_terminated	40	static
