../Nuklear/nuklear_text.c:10:1:nk_widget_text	88	static
../Nuklear/nuklear_text.c:55:1:nk_widget_text_wrap	136	static
../Nuklear/nuklear_text.c:94:1:nk_text_colored	64	static
../Nuklear/nuklear_text.c:121:1:nk_text_wrap_colored	72	static
../Nuklear/nuklear_text.c:258:1:nk_text	16	static
../Nuklear/nuklear_text.c:265:1:nk_text_wrap	8	static
../Nuklear/nuklear_text.c:272:1:nk_label	16	static
../Nuklear/nuklear_text.c:201:1:nk_labelfv	272	static
../Nuklear/nuklear_text.c:167:1:nk_labelf	16	static
../Nuklear/nuklear_text.c:217:1:nk_value_bool	16	static
../Nuklear/nuklear_text.c:222:1:nk_value_int	16	static
../Nuklear/nuklear_text.c:227:1:nk_value_uint	16	static
../Nuklear/nuklear_text.c:232:1:nk_value_float	24	static
../Nuklear/nuklear_text.c:238:1:nk_value_color_byte	32	static
../Nuklear/nuklear_text.c:243:1:nk_value_color_float	88	static
../Nuklear/nuklear_text.c:250:1:nk_value_color_hex	48	static
../Nuklear/nuklear_text.c:277:1:nk_label_colored	32	static
../Nuklear/nuklear_text.c:183:1:nk_labelfv_colored	280	static
../Nuklear/nuklear_text.c:149:1:nk_labelf_colored	36	static
../Nuklear/nuklear_text.c:283:1:nk_label_wrap	16	static
../Nuklear/nuklear_text.c:209:1:nk_labelfv_wrap	264	static
../Nuklear/nuklear_text.c:175:1:nk_labelf_wrap	12	static
../Nuklear/nuklear_text.c:288:1:nk_label_colored_wrap	24	static
../Nuklear/nuklear_text.c:192:1:nk_labelfv_colored_wrap	272	static
../Nuklear/nuklear_text.c:158:1:nk_labelf_colored_wrap	24	static
