../Nuklear/nuklear_context.c:10:1:nk_setup	16	static
../Nuklear/nuklear_context.c:34:1:nk_init_fixed	16	static
../Nuklear/nuklear_context.c:45:1:nk_init_custom	16	static
../Nuklear/nuklear_context.c:66:1:nk_init	16	static
../Nuklear/nuklear_context.c:88:1:nk_free	16	static
../Nuklear/nuklear_context.c:110:1:nk_clear	32	static
../Nuklear/nuklear_context.c:176:1:nk_start_buffer	8	static
../Nuklear/nuklear_context.c:187:1:nk_start	8	static
../Nuklear/nuklear_context.c:194:1:nk_start_popup	8	static
../Nuklear/nuklear_context.c:210:1:nk_finish_popup	8	static
../Nuklear/nuklear_context.c:222:1:nk_finish_buffer	8	static
../Nuklear/nuklear_context.c:230:1:nk_finish	16	static
../Nuklear/nuklear_context.c:248:1:nk_build	32	static
../Nuklear/nuklear_context.c:310:1:nk__begin	16	static
../Nuklear/nuklear_context.c:332:1:nk__next	8	static
