../Nuklear/nuklear_chart.c:10:1:nk_chart_begin_colored	72	static
../Nuklear/nuklear_chart.c:76:1:nk_chart_begin	16	static
../Nuklear/nuklear_chart.c:83:1:nk_chart_add_slot_colored	16	static
../Nuklear/nuklear_chart.c:106:1:nk_chart_add_slot	16	static
../Nuklear/nuklear_chart.c:229:1:nk_chart_push_slot	80	static
../Nuklear/nuklear_chart.c:255:1:nk_chart_push	8	static
../Nuklear/nuklear_chart.c:260:1:nk_chart_end	8	static
../Nuklear/nuklear_chart.c:276:1:nk_plot	24	static
../Nuklear/nuklear_chart.c:301:1:nk_plot_function	48	static
