../Nuklear/nuklear_input.c:10:1:nk_input_begin	16	static
../Nuklear/nuklear_input.c:30:1:nk_input_end	8	static
../Nuklear/nuklear_input.c:45:1:nk_input_motion	8	static
../Nuklear/nuklear_input.c:57:1:nk_input_key	8	static
../Nuklear/nuklear_input.c:72:1:nk_input_button	16	static
../Nuklear/nuklear_input.c:95:1:nk_input_scroll	16	static
../Nuklear/nuklear_input.c:103:1:nk_input_glyph	24	static
../Nuklear/nuklear_input.c:121:1:nk_input_char	16	static
../Nuklear/nuklear_input.c:130:1:nk_input_unicode	16	static
../Nuklear/nuklear_input.c:139:1:nk_input_has_mouse_click	0	static
../Nuklear/nuklear_input.c:147:1:nk_input_has_mouse_click_in_rect	16	static
../Nuklear/nuklear_input.c:158:1:nk_input_has_mouse_click_in_button_rect	16	static
../Nuklear/nuklear_input.c:174:1:nk_input_has_mouse_click_down_in_rect	32	static
../Nuklear/nuklear_input.c:183:1:nk_input_is_mouse_click_in_rect	32	static
../Nuklear/nuklear_input.c:193:1:nk_input_is_mouse_click_down_in_rect	32	static
../Nuklear/nuklear_input.c:203:1:nk_input_any_mouse_click_in_rect	32	static
../Nuklear/nuklear_input.c:211:1:nk_input_is_mouse_hovering_rect	16	static
../Nuklear/nuklear_input.c:217:1:nk_input_is_mouse_prev_hovering_rect	16	static
../Nuklear/nuklear_input.c:223:1:nk_input_mouse_clicked	32	static
../Nuklear/nuklear_input.c:230:1:nk_input_is_mouse_down	0	static
../Nuklear/nuklear_input.c:236:1:nk_input_is_mouse_pressed	0	static
../Nuklear/nuklear_input.c:246:1:nk_input_is_mouse_released	0	static
../Nuklear/nuklear_input.c:252:1:nk_input_is_key_pressed	0	static
../Nuklear/nuklear_input.c:262:1:nk_input_is_key_released	0	static
../Nuklear/nuklear_input.c:272:1:nk_input_is_key_down	0	static
